2023-05-02 20:59:37 INFO main.cc:18info
2023-05-02 20:59:37 WARN main.cc:19warn
2023-05-02 20:59:37 ERROR main.cc:20error
